"e2e-test\\src\\main\\resources\\wiremock\\hxinsight\\__files\\access-token.json": [
      {
        "type": "JSON Web Token",
        "filename": "e2e-test\\src\\main\\resources\\wiremock\\hxinsight\\__files\\access-token.json",
        "hashed_secret": "fe58910a719f8b813574d85fafef95b25e09f309",
        "is_verified": false,
        "line_number": 2,
        "is_secret": false
      }
    ]
